// Jest Snapshot v1, https://goo.gl/fbAQLP

exports[`matches the snapshot for a string className attribute 1`] = `
<View>
  <Text
    accessible={true}
    allowFontScaling={true}
    className="text-large container"
    ellipsizeMode="tail"
    style={
      Object {
        "backgroundColor": "chartreuse",
        "color": "red",
        "fontSize": 24,
        "paddingTop": 16,
      }
    }
    test-id="base"
  >
    Hello
  </Text>
  <Text
    accessible={true}
    allowFontScaling={true}
    className="container primary"
    ellipsizeMode="tail"
    style={
      Object {
        "backgroundColor": "chartreuse",
        "color": "green",
        "fontSize": 32,
      }
    }
    test-id="mutliple-selector"
  >
    Hello
  </Text>
  <Text
    accessible={true}
    allowFontScaling={true}
    className="text-large container"
    ellipsizeMode="tail"
    style={
      Array [
        Object {
          "backgroundColor": "chartreuse",
          "color": "red",
          "fontSize": 24,
          "paddingTop": 16,
        },
        Object {
          "color": "pink",
        },
      ]
    }
    test-id="style-object"
  >
    Hello
  </Text>
  <Text
    accessible={true}
    allowFontScaling={true}
    className="text-large container"
    ellipsizeMode="tail"
    style={
      Array [
        Object {
          "backgroundColor": "chartreuse",
          "color": "red",
          "fontSize": 24,
          "paddingTop": 16,
        },
        Object {
          "color": "pink",
        },
      ]
    }
    test-id="style-object-reverse"
  >
    Hello
  </Text>
  <Text
    accessible={true}
    allowFontScaling={true}
    className="text-large container"
    ellipsizeMode="tail"
    style={
      Array [
        Object {
          "backgroundColor": "chartreuse",
          "color": "red",
          "fontSize": 24,
          "paddingTop": 16,
        },
        Array [
          Object {
            "color": "pink",
          },
        ],
      ]
    }
    test-id="style-array"
  >
    Hello
  </Text>
  <View
    className="text-medium"
    style={
      Array [
        Object {
          "paddingTop": 16,
        },
        Object {
          "backgroundColor": "pink",
        },
      ]
    }
    test-id="style-unmatched"
  />
  <View
    className="text-medium"
    style={
      Object {
        "paddingTop": 16,
      }
    }
    test-id="unmatched"
  />
</View>
`;
